1.000000
1.000000
0.999983
0.999925
0.999890
0.999517
0.998971
0.997305
0.994706
0.991050
